Flow report for reg32
Sat Mar 25 19:16:09 2017
Quartus II 32-bit Version 13.0.1 Build 232 06/12/2013 Service Pack 1 SJ Web Edition


---------------------
; Table of Contents ;
---------------------
  1. Legal Notice
  2. Flow Summary
  3. Flow Settings
  4. Flow Non-Default Global Settings
  5. Flow Elapsed Time
  6. Flow OS Summary
  7. Flow Log
  8. Flow Messages
  9. Flow Suppressed Messages



----------------
; Legal Notice ;
----------------
Copyright (C) 1991-2013 Altera Corporation
Your use of Altera Corporation's design tools, logic functions 
and other software and tools, and its AMPP partner logic 
functions, and any output files from any of the foregoing 
(including device programming or simulation files), and any 
associated documentation or information are expressly subject 
to the terms and conditions of the Altera Program License 
Subscription Agreement, Altera MegaCore Function License 
Agreement, or other applicable license agreement, including, 
without limitation, that your use is for the sole purpose of 
programming logic devices manufactured by Altera and sold by 
Altera or its authorized distributors.  Please refer to the 
applicable agreement for further details.



+--------------------------------------------------------------------------------------+
; Flow Summary                                                                         ;
+------------------------------------+-------------------------------------------------+
; Flow Status                        ; Successful - Sat Mar 25 19:16:08 2017           ;
; Quartus II 32-bit Version          ; 13.0.1 Build 232 06/12/2013 SP 1 SJ Web Edition ;
; Revision Name                      ; reg32                                           ;
; Top-level Entity Name              ; phase1                                          ;
; Family                             ; Cyclone III                                     ;
; Device                             ; EP3C16F484C6                                    ;
; Timing Models                      ; Final                                           ;
; Total logic elements               ; 12,819                                          ;
;     Total combinational functions  ; 12,819                                          ;
;     Dedicated logic registers      ; 0                                               ;
; Total registers                    ; 0                                               ;
; Total pins                         ; 1,138                                           ;
; Total virtual pins                 ; 0                                               ;
; Total memory bits                  ; 16,384                                          ;
; Embedded Multiplier 9-bit elements ; 8                                               ;
; Total PLLs                         ; 0                                               ;
+------------------------------------+-------------------------------------------------+


+-----------------------------------------+
; Flow Settings                           ;
+-------------------+---------------------+
; Option            ; Setting             ;
+-------------------+---------------------+
; Start date & time ; 03/25/2017 19:15:27 ;
; Main task         ; Compilation         ;
; Revision Name     ; reg32               ;
+-------------------+---------------------+


+-----------------------------------------------------------------------------------------------------------------------------+
; Flow Non-Default Global Settings                                                                                            ;
+--------------------------------------+---------------------------------------+---------------+-------------+----------------+
; Assignment Name                      ; Value                                 ; Default Value ; Entity Name ; Section Id     ;
+--------------------------------------+---------------------------------------+---------------+-------------+----------------+
; COMPILER_SIGNATURE_ID                ; 241955404508162.149048372718352       ; --            ; --          ; --             ;
; EDA_DESIGN_INSTANCE_NAME             ; phase1_vhd_tst                        ; --            ; --          ; phase1_vhd_tst ;
; EDA_DESIGN_INSTANCE_NAME             ; alu_imm_op_tb                         ; --            ; --          ; alu_imm_op_tb  ;
; EDA_DESIGN_INSTANCE_NAME             ; jump_op_tb                            ; --            ; --          ; jump_op_tb     ;
; EDA_DESIGN_INSTANCE_NAME             ; branch_op_tb                          ; --            ; --          ; branch_op_tb   ;
; EDA_DESIGN_INSTANCE_NAME             ; mf_op_tb                              ; --            ; --          ; mf_op_tb       ;
; EDA_DESIGN_INSTANCE_NAME             ; io_op_tb                              ; --            ; --          ; io_op_tb       ;
; EDA_NATIVELINK_SIMULATION_TEST_BENCH ; io_op_tb                              ; --            ; --          ; eda_simulation ;
; EDA_OUTPUT_DATA_FORMAT               ; Vhdl                                  ; --            ; --          ; eda_simulation ;
; EDA_SIMULATION_TOOL                  ; ModelSim-Altera (VHDL)                ; <None>        ; --          ; --             ;
; EDA_TEST_BENCH_ENABLE_STATUS         ; TEST_BENCH_MODE                       ; --            ; --          ; eda_simulation ;
; EDA_TEST_BENCH_FILE                  ; simulation/modelsim/phase1.vht        ; --            ; --          ; phase1_vhd_tst ;
; EDA_TEST_BENCH_FILE                  ; alu_imm_op_tb.vhd                     ; --            ; --          ; alu_imm_op_tb  ;
; EDA_TEST_BENCH_FILE                  ; jump_op_tb.vhd                        ; --            ; --          ; jump_op_tb     ;
; EDA_TEST_BENCH_FILE                  ; branch_op_tb.vhd                      ; --            ; --          ; branch_op_tb   ;
; EDA_TEST_BENCH_FILE                  ; mf_op_tb.vhd                          ; --            ; --          ; mf_op_tb       ;
; EDA_TEST_BENCH_FILE                  ; io_op_tb.vhd                          ; --            ; --          ; io_op_tb       ;
; EDA_TEST_BENCH_MODULE_NAME           ; phase1_vhd_tst                        ; --            ; --          ; phase1_vhd_tst ;
; EDA_TEST_BENCH_MODULE_NAME           ; alu_imm_op_tb                         ; --            ; --          ; alu_imm_op_tb  ;
; EDA_TEST_BENCH_MODULE_NAME           ; jump_op_tb                            ; --            ; --          ; jump_op_tb     ;
; EDA_TEST_BENCH_MODULE_NAME           ; branch_op_tb                          ; --            ; --          ; branch_op_tb   ;
; EDA_TEST_BENCH_MODULE_NAME           ; mf_op_tb                              ; --            ; --          ; mf_op_tb       ;
; EDA_TEST_BENCH_MODULE_NAME           ; io_op_tb                              ; --            ; --          ; io_op_tb       ;
; EDA_TEST_BENCH_NAME                  ; phase1_vhd_tst                        ; --            ; --          ; eda_simulation ;
; EDA_TEST_BENCH_NAME                  ; alu_imm_op_tb                         ; --            ; --          ; eda_simulation ;
; EDA_TEST_BENCH_NAME                  ; jump_op_tb                            ; --            ; --          ; eda_simulation ;
; EDA_TEST_BENCH_NAME                  ; branch_op_tb                          ; --            ; --          ; eda_simulation ;
; EDA_TEST_BENCH_NAME                  ; mf_op_tb                              ; --            ; --          ; eda_simulation ;
; EDA_TEST_BENCH_NAME                  ; io_op_tb                              ; --            ; --          ; eda_simulation ;
; EDA_TEST_BENCH_RUN_SIM_FOR           ; 2000 ns                               ; --            ; --          ; phase1_vhd_tst ;
; EDA_TEST_BENCH_RUN_SIM_FOR           ; 2000 ns                               ; --            ; --          ; alu_imm_op_tb  ;
; EDA_TEST_BENCH_RUN_SIM_FOR           ; 2000 ns                               ; --            ; --          ; jump_op_tb     ;
; EDA_TEST_BENCH_RUN_SIM_FOR           ; 2000 ns                               ; --            ; --          ; branch_op_tb   ;
; EDA_TEST_BENCH_RUN_SIM_FOR           ; 2000 ns                               ; --            ; --          ; mf_op_tb       ;
; EDA_TEST_BENCH_RUN_SIM_FOR           ; 2000 ns                               ; --            ; --          ; io_op_tb       ;
; IP_TOOL_NAME                         ; LPM_MULT                              ; --            ; --          ; --             ;
; IP_TOOL_NAME                         ; RAM: 1-PORT                           ; --            ; --          ; --             ;
; IP_TOOL_VERSION                      ; 13.0                                  ; --            ; --          ; --             ;
; IP_TOOL_VERSION                      ; 13.0                                  ; --            ; --          ; --             ;
; MAX_CORE_JUNCTION_TEMP               ; 85                                    ; --            ; --          ; --             ;
; MIN_CORE_JUNCTION_TEMP               ; 0                                     ; --            ; --          ; --             ;
; MISC_FILE                            ; mult32_inst.vhd                       ; --            ; --          ; --             ;
; MISC_FILE                            ; mult32.cmp                            ; --            ; --          ; --             ;
; MISC_FILE                            ; ram.bsf                               ; --            ; --          ; --             ;
; MISC_FILE                            ; ram.cmp                               ; --            ; --          ; --             ;
; NOMINAL_CORE_SUPPLY_VOLTAGE          ; 1.2V                                  ; --            ; --          ; --             ;
; PARTITION_COLOR                      ; 16764057                              ; --            ; phase1      ; Top            ;
; PARTITION_FITTER_PRESERVATION_LEVEL  ; PLACEMENT_AND_ROUTING                 ; --            ; phase1      ; Top            ;
; PARTITION_NETLIST_TYPE               ; SOURCE                                ; --            ; phase1      ; Top            ;
; POWER_BOARD_THERMAL_MODEL            ; None (CONSERVATIVE)                   ; --            ; --          ; --             ;
; POWER_PRESET_COOLING_SOLUTION        ; 23 MM HEAT SINK WITH 200 LFPM AIRFLOW ; --            ; --          ; --             ;
; PROJECT_OUTPUT_DIRECTORY             ; output_files                          ; --            ; --          ; --             ;
; TOP_LEVEL_ENTITY                     ; phase1                                ; reg32         ; --          ; --             ;
+--------------------------------------+---------------------------------------+---------------+-------------+----------------+


+--------------------------------------------------------------------------------------------------------------------------+
; Flow Elapsed Time                                                                                                        ;
+----------------------+--------------+-------------------------+---------------------+------------------------------------+
; Module Name          ; Elapsed Time ; Average Processors Used ; Peak Virtual Memory ; Total CPU Time (on all processors) ;
+----------------------+--------------+-------------------------+---------------------+------------------------------------+
; Analysis & Synthesis ; 00:00:40     ; 1.0                     ; 435 MB              ; 00:00:39                           ;
; Total                ; 00:00:40     ; --                      ; --                  ; 00:00:39                           ;
+----------------------+--------------+-------------------------+---------------------+------------------------------------+


+-----------------------------------------------------------------------------------+
; Flow OS Summary                                                                   ;
+----------------------+------------------+-----------+------------+----------------+
; Module Name          ; Machine Hostname ; OS Name   ; OS Version ; Processor type ;
+----------------------+------------------+-----------+------------+----------------+
; Analysis & Synthesis ; DESKTOP-4J41ASE  ; Windows 7 ; 6.2        ; x86_64         ;
+----------------------+------------------+-----------+------------+----------------+


------------
; Flow Log ;
------------
quartus_map --read_settings_files=on --write_settings_files=off CPU -c reg32



